// Jest Snapshot v1, https://goo.gl/fbAQLP

exports[`renders correctly 1`] = `
<div
  className="calculator-page"
>
  <h1
    className="title"
  >
    Let's do some math!
  </h1>
  <div
    className="App"
  >
    <div
      className="calcu"
    >
      <p
        className="display"
      />
      <div
        className="keyboard"
      >
        <button
          className="AC"
          onClick={[Function]}
          type="button"
        >
          AC
        </button>
        <button
          onClick={[Function]}
          type="button"
        >
          ±
        </button>
        <button
          onClick={[Function]}
          type="button"
        >
          %
        </button>
        <button
          onClick={[Function]}
          type="button"
        >
          ÷
        </button>
        <button
          onClick={[Function]}
          type="button"
        >
          7
        </button>
        <button
          onClick={[Function]}
          type="button"
        >
          8
        </button>
        <button
          onClick={[Function]}
          type="button"
        >
          9
        </button>
        <button
          onClick={[Function]}
          type="button"
        >
          ×
        </button>
        <button
          onClick={[Function]}
          type="button"
        >
          4
        </button>
        <button
          onClick={[Function]}
          type="button"
        >
          5
        </button>
        <button
          onClick={[Function]}
          type="button"
        >
          6
        </button>
        <button
          onClick={[Function]}
          type="button"
        >
          −
        </button>
        <button
          onClick={[Function]}
          type="button"
        >
          1
        </button>
        <button
          onClick={[Function]}
          type="button"
        >
          2
        </button>
        <button
          onClick={[Function]}
          type="button"
        >
          3
        </button>
        <button
          onClick={[Function]}
          type="button"
        >
          +
        </button>
        <button
          className="span-two"
          onClick={[Function]}
          type="button"
        >
          0
        </button>
        <button
          onClick={[Function]}
          type="button"
        >
          .
        </button>
        <button
          className="equals"
          onClick={[Function]}
          type="button"
        >
          =
        </button>
      </div>
    </div>
  </div>
</div>
`;
